// Jest Snapshot v1, https://goo.gl/fbAQLP

exports[`PianoConfig component test render and props test renders correctly and check if state exists 1`] = `
<div
  className="configContainer"
>
  <div
    className="configCover"
  >
    <div
      className="firstNoteCover"
    >
      <small>
        First Note
      </small>
      <select
        onChange={[Function]}
        value={1}
      >
        <option
          disabled={true}
          value={12}
        >
          C0
        </option>
        <option
          disabled={true}
          value={14}
        >
          D0
        </option>
        <option
          disabled={true}
          value={16}
        >
          E0
        </option>
        <option
          disabled={true}
          value={17}
        >
          F0
        </option>
        <option
          disabled={true}
          value={19}
        >
          G0
        </option>
        <option
          disabled={true}
          value={21}
        >
          A0
        </option>
        <option
          disabled={true}
          value={23}
        >
          B0
        </option>
        <option
          disabled={true}
          value={24}
        >
          C1
        </option>
        <option
          disabled={true}
          value={26}
        >
          D1
        </option>
        <option
          disabled={true}
          value={28}
        >
          E1
        </option>
        <option
          disabled={true}
          value={29}
        >
          F1
        </option>
        <option
          disabled={true}
          value={31}
        >
          G1
        </option>
        <option
          disabled={true}
          value={33}
        >
          A1
        </option>
        <option
          disabled={true}
          value={35}
        >
          B1
        </option>
        <option
          disabled={true}
          value={36}
        >
          C2
        </option>
        <option
          disabled={true}
          value={38}
        >
          D2
        </option>
        <option
          disabled={true}
          value={40}
        >
          E2
        </option>
        <option
          disabled={true}
          value={41}
        >
          F2
        </option>
        <option
          disabled={true}
          value={43}
        >
          G2
        </option>
        <option
          disabled={true}
          value={45}
        >
          A2
        </option>
        <option
          disabled={true}
          value={47}
        >
          B2
        </option>
        <option
          disabled={true}
          value={48}
        >
          C3
        </option>
        <option
          disabled={true}
          value={50}
        >
          D3
        </option>
        <option
          disabled={true}
          value={52}
        >
          E3
        </option>
        <option
          disabled={true}
          value={53}
        >
          F3
        </option>
        <option
          disabled={true}
          value={55}
        >
          G3
        </option>
        <option
          disabled={true}
          value={57}
        >
          A3
        </option>
        <option
          disabled={true}
          value={59}
        >
          B3
        </option>
        <option
          disabled={true}
          value={60}
        >
          C4
        </option>
        <option
          disabled={true}
          value={62}
        >
          D4
        </option>
        <option
          disabled={true}
          value={64}
        >
          E4
        </option>
        <option
          disabled={true}
          value={65}
        >
          F4
        </option>
        <option
          disabled={true}
          value={67}
        >
          G4
        </option>
        <option
          disabled={true}
          value={69}
        >
          A4
        </option>
        <option
          disabled={true}
          value={71}
        >
          B4
        </option>
        <option
          disabled={true}
          value={72}
        >
          C5
        </option>
        <option
          disabled={true}
          value={74}
        >
          D5
        </option>
        <option
          disabled={true}
          value={76}
        >
          E5
        </option>
        <option
          disabled={true}
          value={77}
        >
          F5
        </option>
        <option
          disabled={true}
          value={79}
        >
          G5
        </option>
        <option
          disabled={true}
          value={81}
        >
          A5
        </option>
        <option
          disabled={true}
          value={83}
        >
          B5
        </option>
        <option
          disabled={true}
          value={84}
        >
          C6
        </option>
        <option
          disabled={true}
          value={86}
        >
          D6
        </option>
        <option
          disabled={true}
          value={88}
        >
          E6
        </option>
        <option
          disabled={true}
          value={89}
        >
          F6
        </option>
        <option
          disabled={true}
          value={91}
        >
          G6
        </option>
        <option
          disabled={true}
          value={93}
        >
          A6
        </option>
        <option
          disabled={true}
          value={95}
        >
          B6
        </option>
        <option
          disabled={true}
          value={96}
        >
          C7
        </option>
        <option
          disabled={true}
          value={98}
        >
          D7
        </option>
        <option
          disabled={true}
          value={100}
        >
          E7
        </option>
        <option
          disabled={true}
          value={101}
        >
          F7
        </option>
        <option
          disabled={true}
          value={103}
        >
          G7
        </option>
        <option
          disabled={true}
          value={105}
        >
          A7
        </option>
        <option
          disabled={true}
          value={107}
        >
          B7
        </option>
        <option
          disabled={true}
          value={108}
        >
          C8
        </option>
        <option
          disabled={true}
          value={110}
        >
          D8
        </option>
        <option
          disabled={true}
          value={112}
        >
          E8
        </option>
        <option
          disabled={true}
          value={113}
        >
          F8
        </option>
        <option
          disabled={true}
          value={115}
        >
          G8
        </option>
        <option
          disabled={true}
          value={117}
        >
          A8
        </option>
        <option
          disabled={true}
          value={119}
        >
          B8
        </option>
        <option
          disabled={true}
          value={120}
        >
          C9
        </option>
        <option
          disabled={true}
          value={122}
        >
          D9
        </option>
        <option
          disabled={true}
          value={124}
        >
          E9
        </option>
        <option
          disabled={true}
          value={125}
        >
          F9
        </option>
        <option
          disabled={true}
          value={127}
        >
          G9
        </option>
      </select>
    </div>
    <div
      className="lastNoteCover"
    >
      <small>
        Last Note
      </small>
      <select
        onChange={[Function]}
        value={30}
      >
        <option
          disabled={true}
          value={12}
        >
          C0
        </option>
        <option
          disabled={true}
          value={14}
        >
          D0
        </option>
        <option
          disabled={true}
          value={16}
        >
          E0
        </option>
        <option
          disabled={true}
          value={17}
        >
          F0
        </option>
        <option
          disabled={true}
          value={19}
        >
          G0
        </option>
        <option
          disabled={true}
          value={21}
        >
          A0
        </option>
        <option
          disabled={true}
          value={23}
        >
          B0
        </option>
        <option
          disabled={true}
          value={24}
        >
          C1
        </option>
        <option
          disabled={true}
          value={26}
        >
          D1
        </option>
        <option
          disabled={true}
          value={28}
        >
          E1
        </option>
        <option
          disabled={true}
          value={29}
        >
          F1
        </option>
        <option
          disabled={false}
          value={31}
        >
          G1
        </option>
        <option
          disabled={false}
          value={33}
        >
          A1
        </option>
        <option
          disabled={false}
          value={35}
        >
          B1
        </option>
        <option
          disabled={false}
          value={36}
        >
          C2
        </option>
        <option
          disabled={false}
          value={38}
        >
          D2
        </option>
        <option
          disabled={false}
          value={40}
        >
          E2
        </option>
        <option
          disabled={false}
          value={41}
        >
          F2
        </option>
        <option
          disabled={false}
          value={43}
        >
          G2
        </option>
        <option
          disabled={false}
          value={45}
        >
          A2
        </option>
        <option
          disabled={false}
          value={47}
        >
          B2
        </option>
        <option
          disabled={false}
          value={48}
        >
          C3
        </option>
        <option
          disabled={false}
          value={50}
        >
          D3
        </option>
        <option
          disabled={false}
          value={52}
        >
          E3
        </option>
        <option
          disabled={false}
          value={53}
        >
          F3
        </option>
        <option
          disabled={false}
          value={55}
        >
          G3
        </option>
        <option
          disabled={false}
          value={57}
        >
          A3
        </option>
        <option
          disabled={false}
          value={59}
        >
          B3
        </option>
        <option
          disabled={false}
          value={60}
        >
          C4
        </option>
        <option
          disabled={false}
          value={62}
        >
          D4
        </option>
        <option
          disabled={false}
          value={64}
        >
          E4
        </option>
        <option
          disabled={false}
          value={65}
        >
          F4
        </option>
        <option
          disabled={false}
          value={67}
        >
          G4
        </option>
        <option
          disabled={false}
          value={69}
        >
          A4
        </option>
        <option
          disabled={false}
          value={71}
        >
          B4
        </option>
        <option
          disabled={false}
          value={72}
        >
          C5
        </option>
        <option
          disabled={false}
          value={74}
        >
          D5
        </option>
        <option
          disabled={false}
          value={76}
        >
          E5
        </option>
        <option
          disabled={false}
          value={77}
        >
          F5
        </option>
        <option
          disabled={false}
          value={79}
        >
          G5
        </option>
        <option
          disabled={false}
          value={81}
        >
          A5
        </option>
        <option
          disabled={false}
          value={83}
        >
          B5
        </option>
        <option
          disabled={false}
          value={84}
        >
          C6
        </option>
        <option
          disabled={false}
          value={86}
        >
          D6
        </option>
        <option
          disabled={false}
          value={88}
        >
          E6
        </option>
        <option
          disabled={false}
          value={89}
        >
          F6
        </option>
        <option
          disabled={false}
          value={91}
        >
          G6
        </option>
        <option
          disabled={false}
          value={93}
        >
          A6
        </option>
        <option
          disabled={false}
          value={95}
        >
          B6
        </option>
        <option
          disabled={false}
          value={96}
        >
          C7
        </option>
        <option
          disabled={false}
          value={98}
        >
          D7
        </option>
        <option
          disabled={false}
          value={100}
        >
          E7
        </option>
        <option
          disabled={false}
          value={101}
        >
          F7
        </option>
        <option
          disabled={false}
          value={103}
        >
          G7
        </option>
        <option
          disabled={false}
          value={105}
        >
          A7
        </option>
        <option
          disabled={false}
          value={107}
        >
          B7
        </option>
        <option
          disabled={false}
          value={108}
        >
          C8
        </option>
        <option
          disabled={false}
          value={110}
        >
          D8
        </option>
        <option
          disabled={false}
          value={112}
        >
          E8
        </option>
        <option
          disabled={false}
          value={113}
        >
          F8
        </option>
        <option
          disabled={false}
          value={115}
        >
          G8
        </option>
        <option
          disabled={false}
          value={117}
        >
          A8
        </option>
        <option
          disabled={false}
          value={119}
        >
          B8
        </option>
        <option
          disabled={false}
          value={120}
        >
          C9
        </option>
        <option
          disabled={false}
          value={122}
        >
          D9
        </option>
        <option
          disabled={false}
          value={124}
        >
          E9
        </option>
        <option
          disabled={false}
          value={125}
        >
          F9
        </option>
        <option
          disabled={false}
          value={127}
        >
          G9
        </option>
      </select>
    </div>
    <div
      className="instrumentOptionCover"
    >
      <small>
        Instrument
      </small>
      <select
        onChange={[Function]}
        value="acoustic_grand_piano"
      >
        <option>
          accordion
        </option>
        <option>
          acoustic_bass
        </option>
        <option>
          acoustic_grand_piano
        </option>
        <option>
          acoustic_guitar_nylon
        </option>
        <option>
          acoustic_guitar_steel
        </option>
        <option>
          agogo
        </option>
        <option>
          alto_sax
        </option>
        <option>
          applause
        </option>
        <option>
          bagpipe
        </option>
        <option>
          banjo
        </option>
        <option>
          baritone_sax
        </option>
        <option>
          bassoon
        </option>
        <option>
          bird_tweet
        </option>
        <option>
          blown_bottle
        </option>
        <option>
          brass_section
        </option>
        <option>
          breath_noise
        </option>
        <option>
          bright_acoustic_piano
        </option>
        <option>
          celesta
        </option>
        <option>
          cello
        </option>
        <option>
          choir_aahs
        </option>
        <option>
          church_organ
        </option>
        <option>
          clarinet
        </option>
        <option>
          clavinet
        </option>
        <option>
          contrabass
        </option>
        <option>
          distortion_guitar
        </option>
        <option>
          drawbar_organ
        </option>
        <option>
          dulcimer
        </option>
        <option>
          electric_bass_finger
        </option>
        <option>
          electric_bass_pick
        </option>
        <option>
          electric_grand_piano
        </option>
        <option>
          electric_guitar_clean
        </option>
        <option>
          electric_guitar_jazz
        </option>
        <option>
          electric_guitar_muted
        </option>
        <option>
          electric_piano_1
        </option>
        <option>
          electric_piano_2
        </option>
        <option>
          english_horn
        </option>
        <option>
          fiddle
        </option>
        <option>
          flute
        </option>
        <option>
          french_horn
        </option>
        <option>
          fretless_bass
        </option>
        <option>
          fx_1_rain
        </option>
        <option>
          fx_2_soundtrack
        </option>
        <option>
          fx_3_crystal
        </option>
        <option>
          fx_4_atmosphere
        </option>
        <option>
          fx_5_brightness
        </option>
        <option>
          fx_6_goblins
        </option>
        <option>
          fx_7_echoes
        </option>
        <option>
          fx_8_scifi
        </option>
        <option>
          glockenspiel
        </option>
        <option>
          guitar_fret_noise
        </option>
        <option>
          guitar_harmonics
        </option>
        <option>
          gunshot
        </option>
        <option>
          harmonica
        </option>
        <option>
          harpsichord
        </option>
        <option>
          helicopter
        </option>
        <option>
          honkytonk_piano
        </option>
        <option>
          kalimba
        </option>
        <option>
          koto
        </option>
        <option>
          lead_1_square
        </option>
        <option>
          lead_2_sawtooth
        </option>
        <option>
          lead_3_calliope
        </option>
        <option>
          lead_4_chiff
        </option>
        <option>
          lead_5_charang
        </option>
        <option>
          lead_6_voice
        </option>
        <option>
          lead_7_fifths
        </option>
        <option>
          lead_8_bass__lead
        </option>
        <option>
          marimba
        </option>
        <option>
          melodic_tom
        </option>
        <option>
          music_box
        </option>
        <option>
          muted_trumpet
        </option>
        <option>
          oboe
        </option>
        <option>
          ocarina
        </option>
        <option>
          orchestra_hit
        </option>
        <option>
          orchestral_harp
        </option>
        <option>
          overdriven_guitar
        </option>
        <option>
          pad_1_new_age
        </option>
        <option>
          pad_2_warm
        </option>
        <option>
          pad_3_polysynth
        </option>
        <option>
          pad_4_choir
        </option>
        <option>
          pad_5_bowed
        </option>
        <option>
          pad_6_metallic
        </option>
        <option>
          pad_7_halo
        </option>
        <option>
          pad_8_sweep
        </option>
        <option>
          pan_flute
        </option>
        <option>
          percussive_organ
        </option>
        <option>
          piccolo
        </option>
        <option>
          pizzicato_strings
        </option>
        <option>
          recorder
        </option>
        <option>
          reed_organ
        </option>
        <option>
          reverse_cymbal
        </option>
        <option>
          rock_organ
        </option>
        <option>
          seashore
        </option>
        <option>
          shakuhachi
        </option>
        <option>
          shamisen
        </option>
        <option>
          shanai
        </option>
        <option>
          sitar
        </option>
        <option>
          slap_bass_1
        </option>
        <option>
          slap_bass_2
        </option>
        <option>
          soprano_sax
        </option>
        <option>
          steel_drums
        </option>
        <option>
          string_ensemble_1
        </option>
        <option>
          string_ensemble_2
        </option>
        <option>
          synth_bass_1
        </option>
        <option>
          synth_bass_2
        </option>
        <option>
          synth_brass_1
        </option>
        <option>
          synth_brass_2
        </option>
        <option>
          synth_choir
        </option>
        <option>
          synth_drum
        </option>
        <option>
          synth_strings_1
        </option>
        <option>
          synth_strings_2
        </option>
        <option>
          taiko_drum
        </option>
        <option>
          tango_accordion
        </option>
        <option>
          telephone_ring
        </option>
        <option>
          tenor_sax
        </option>
        <option>
          timpani
        </option>
        <option>
          tinkle_bell
        </option>
        <option>
          tremolo_strings
        </option>
        <option>
          trombone
        </option>
        <option>
          trumpet
        </option>
        <option>
          tuba
        </option>
        <option>
          tubular_bells
        </option>
        <option>
          vibraphone
        </option>
        <option>
          viola
        </option>
        <option>
          violin
        </option>
        <option>
          voice_oohs
        </option>
        <option>
          whistle
        </option>
        <option>
          woodblock
        </option>
        <option>
          xylophone
        </option>
      </select>
    </div>
  </div>
</div>
`;
